UTC_mode|0
cylc_version|<SOME-VERSION>
run_mode|live
